// Jest Snapshot v1, https://goo.gl/fbAQLP

exports[`matches snapshot of MissonTableHead component 1`] = `
<thead
  className="bg-white border-b"
>
  <tr>
    <th
      className="text-sm font-bold text-gray-900 px-6 py-4 text-left border"
      scope="col"
    >
      Mission
    </th>
    <th
      className="text-sm font-bold text-gray-900 px-6 py-4 text-left border"
      scope="col"
    >
      Description
    </th>
    <th
      className="text-sm font-bold text-gray-900 px-6 py-4 text-left border"
      scope="col"
    >
      Status
    </th>
    <th
      className="text-sm font-bold text-gray-900 px-6 py-4 text-left"
      scope="col"
    >
       
    </th>
  </tr>
</thead>
`;
