// Jest Snapshot v1, https://goo.gl/fbAQLP

exports[`matches snapshot of Missons component 1`] = `
<div
  className="flex flex-col mb-16"
>
  <div
    className="overflow-x-auto sm:-mx-6 lg:-mx-8"
  >
    <div
      className="py-2 inline-block min-w-full sm:px-6 lg:px-8"
    >
      <div
        className="overflow-hidden"
      >
        <table
          className="min-w-full border"
        >
          <thead
            className="bg-white border-b"
          >
            <tr>
              <th
                className="text-sm font-bold text-gray-900 px-6 py-4 text-left border"
                scope="col"
              >
                Mission
              </th>
              <th
                className="text-sm font-bold text-gray-900 px-6 py-4 text-left border"
                scope="col"
              >
                Description
              </th>
              <th
                className="text-sm font-bold text-gray-900 px-6 py-4 text-left border"
                scope="col"
              >
                Status
              </th>
              <th
                className="text-sm font-bold text-gray-900 px-6 py-4 text-left"
                scope="col"
              >
                 
              </th>
            </tr>
          </thead>
        </table>
      </div>
    </div>
  </div>
</div>
`;
