// Jest Snapshot v1, https://goo.gl/fbAQLP

exports[`should render the parent component 1`] = `
Array [
  <div
    className="my-5 px-5 mb-16"
  />,
  " ",
]
`;
